------------------------------------------------------------
TimeQuest Timing Analyzer Summary
------------------------------------------------------------

Type  : Slow Model Setup 'clock_generator:BAUDRATE|clock_signal'
Slack : -18.067
TNS   : -1164.349

Type  : Slow Model Setup 'clk'
Slack : -2.860
TNS   : -28.092

Type  : Slow Model Hold 'clk'
Slack : -2.541
TNS   : -2.541

Type  : Slow Model Hold 'clock_generator:BAUDRATE|clock_signal'
Slack : 0.499
TNS   : 0.000

Type  : Slow Model Minimum Pulse Width 'clock_generator:BAUDRATE|clock_signal'
Slack : -2.269
TNS   : -565.660

Type  : Slow Model Minimum Pulse Width 'clk'
Slack : -1.941
TNS   : -22.717

Type  : Fast Model Setup 'clock_generator:BAUDRATE|clock_signal'
Slack : -3.959
TNS   : -216.456

Type  : Fast Model Setup 'clk'
Slack : -0.318
TNS   : -1.280

Type  : Fast Model Hold 'clk'
Slack : -1.346
TNS   : -1.346

Type  : Fast Model Hold 'clock_generator:BAUDRATE|clock_signal'
Slack : 0.215
TNS   : 0.000

Type  : Fast Model Minimum Pulse Width 'clock_generator:BAUDRATE|clock_signal'
Slack : -1.519
TNS   : -379.736

Type  : Fast Model Minimum Pulse Width 'clk'
Slack : -1.380
TNS   : -15.380

------------------------------------------------------------
